Traceback (most recent call last):
  File "/opt/hostedtoolcache/Python/3.10.20/x64/lib/python3.10/site-packages/jupyter_cache/executors/utils.py", line 58, in single_nb_execution
    executenb(
  File "/opt/hostedtoolcache/Python/3.10.20/x64/lib/python3.10/site-packages/nbclient/client.py", line 1323, in execute
    return NotebookClient(nb=nb, resources=resources, km=km, **kwargs).execute()
  File "/opt/hostedtoolcache/Python/3.10.20/x64/lib/python3.10/site-packages/jupyter_core/utils/__init__.py", line 165, in wrapped
    return loop.run_until_complete(inner)
  File "/opt/hostedtoolcache/Python/3.10.20/x64/lib/python3.10/asyncio/base_events.py", line 649, in run_until_complete
    return future.result()
  File "/opt/hostedtoolcache/Python/3.10.20/x64/lib/python3.10/site-packages/nbclient/client.py", line 709, in async_execute
    await self.async_execute_cell(
  File "/opt/hostedtoolcache/Python/3.10.20/x64/lib/python3.10/site-packages/nbclient/client.py", line 1062, in async_execute_cell
    await self._check_raise_for_error(cell, cell_index, exec_reply)
  File "/opt/hostedtoolcache/Python/3.10.20/x64/lib/python3.10/site-packages/nbclient/client.py", line 918, in _check_raise_for_error
    raise CellExecutionError.from_cell_and_msg(cell, exec_reply_content)
nbclient.exceptions.CellExecutionError: An error occurred while executing the following cell:
------------------
# Create two dataframes 
import pandas as pd
import numpy as np


df1 = pd.DataFrame(data = np.random.randint(50, size=(4,4)),
                   columns= ['A', 'B', 'C', 'D'])
print(f"The first df is: \n {df1}")

df2 = pd.DataFrame(data = np.random.randint(50, size=(4,4)),
                   columns= ['A', 'B', 'C', 'D'])
print(f"The first df is: \n {df2}")
------------------


[0;31m---------------------------------------------------------------------------[0m
[0;31mModuleNotFoundError[0m                       Traceback (most recent call last)
Cell [0;32mIn[1], line 2[0m
[1;32m      1[0m [38;5;66;03m# Create two dataframes [39;00m
[0;32m----> 2[0m [38;5;28;01mimport[39;00m[38;5;250m [39m[38;5;21;01mpandas[39;00m[38;5;250m [39m[38;5;28;01mas[39;00m[38;5;250m [39m[38;5;21;01mpd[39;00m
[1;32m      3[0m [38;5;28;01mimport[39;00m[38;5;250m [39m[38;5;21;01mnumpy[39;00m[38;5;250m [39m[38;5;28;01mas[39;00m[38;5;250m [39m[38;5;21;01mnp[39;00m
[1;32m      6[0m df1 [38;5;241m=[39m pd[38;5;241m.[39mDataFrame(data [38;5;241m=[39m np[38;5;241m.[39mrandom[38;5;241m.[39mrandint([38;5;241m50[39m, size[38;5;241m=[39m([38;5;241m4[39m,[38;5;241m4[39m)),
[1;32m      7[0m                    columns[38;5;241m=[39m [[38;5;124m'[39m[38;5;124mA[39m[38;5;124m'[39m, [38;5;124m'[39m[38;5;124mB[39m[38;5;124m'[39m, [38;5;124m'[39m[38;5;124mC[39m[38;5;124m'[39m, [38;5;124m'[39m[38;5;124mD[39m[38;5;124m'[39m])

[0;31mModuleNotFoundError[0m: No module named 'pandas'

